Archive member included to satisfy reference by file (symbol)

/home/yosra/Applications/avr8-gnu-toolchain-linux_x86_64/bin/../lib/gcc/avr/5.4.0/avr5/libgcc.a(_exit.o)
                              /home/yosra/Applications/avr8-gnu-toolchain-linux_x86_64/bin/../lib/gcc/avr/5.4.0/../../../../avr/lib/avr5/crtatmega16.o (exit)
/home/yosra/Applications/avr8-gnu-toolchain-linux_x86_64/bin/../lib/gcc/avr/5.4.0/avr5/libgcc.a(_tablejump2.o)
                              ./ECUAL/TImer.o (__tablejump2__)
/home/yosra/Applications/avr8-gnu-toolchain-linux_x86_64/bin/../lib/gcc/avr/5.4.0/avr5/libgcc.a(_clear_bss.o)
                              ./App/app.o (__do_clear_bss)

Allocating common symbols
Common symbol       size              file

tState              0x4               ./main.o
NOT_GREEN           0x1               ./App/app.o
KeyPressed          0x1               ./main.o
State               0x1               ./App/app.o

Memory Configuration

Name             Origin             Length             Attributes
text             0x0000000000000000 0x0000000000004000 xr
data             0x0000000000800060 0x0000000000000400 rw !x
eeprom           0x0000000000810000 0x0000000000000200 rw !x
fuse             0x0000000000820000 0x0000000000000002 rw !x
lock             0x0000000000830000 0x0000000000000400 rw !x
signature        0x0000000000840000 0x0000000000000400 rw !x
user_signatures  0x0000000000850000 0x0000000000000400 rw !x
*default*        0x0000000000000000 0xffffffffffffffff

Linker script and memory map

LOAD /home/yosra/Applications/avr8-gnu-toolchain-linux_x86_64/bin/../lib/gcc/avr/5.4.0/../../../../avr/lib/avr5/crtatmega16.o
LOAD ./MCAL/GPOI.o
LOAD ./ECUAL/BOTTON.o
LOAD ./ECUAL/LED.o
LOAD ./ECUAL/TImer.o
LOAD ./App/app.o
LOAD ./main.o
START GROUP
LOAD /home/yosra/Applications/avr8-gnu-toolchain-linux_x86_64/bin/../lib/gcc/avr/5.4.0/avr5/libgcc.a
LOAD /home/yosra/Applications/avr8-gnu-toolchain-linux_x86_64/bin/../lib/gcc/avr/5.4.0/../../../../avr/lib/avr5/libm.a
LOAD /home/yosra/Applications/avr8-gnu-toolchain-linux_x86_64/bin/../lib/gcc/avr/5.4.0/../../../../avr/lib/avr5/libc.a
LOAD /home/yosra/Applications/avr8-gnu-toolchain-linux_x86_64/bin/../lib/gcc/avr/5.4.0/../../../../avr/lib/avr5/libatmega16.a
END GROUP
                0x0000000000000000                __TEXT_REGION_ORIGIN__ = DEFINED (__TEXT_REGION_ORIGIN__)?__TEXT_REGION_ORIGIN__:0x0
                [0x0000000000800060]                __DATA_REGION_ORIGIN__ = DEFINED (__DATA_REGION_ORIGIN__)?__DATA_REGION_ORIGIN__:0x800060
                [0x0000000000004000]                __TEXT_REGION_LENGTH__ = DEFINED (__TEXT_REGION_LENGTH__)?__TEXT_REGION_LENGTH__:0x20000
                [0x0000000000000400]                __DATA_REGION_LENGTH__ = DEFINED (__DATA_REGION_LENGTH__)?__DATA_REGION_LENGTH__:0xffa0
                [0x0000000000000200]                __EEPROM_REGION_LENGTH__ = DEFINED (__EEPROM_REGION_LENGTH__)?__EEPROM_REGION_LENGTH__:0x10000
                [0x0000000000000002]                __FUSE_REGION_LENGTH__ = DEFINED (__FUSE_REGION_LENGTH__)?__FUSE_REGION_LENGTH__:0x400
                0x0000000000000400                __LOCK_REGION_LENGTH__ = DEFINED (__LOCK_REGION_LENGTH__)?__LOCK_REGION_LENGTH__:0x400
                0x0000000000000400                __SIGNATURE_REGION_LENGTH__ = DEFINED (__SIGNATURE_REGION_LENGTH__)?__SIGNATURE_REGION_LENGTH__:0x400
                0x0000000000000400                __USER_SIGNATURE_REGION_LENGTH__ = DEFINED (__USER_SIGNATURE_REGION_LENGTH__)?__USER_SIGNATURE_REGION_LENGTH__:0x400

.hash
 *(.hash)

.dynsym
 *(.dynsym)

.dynstr
 *(.dynstr)

.gnu.version
 *(.gnu.version)

.gnu.version_d
 *(.gnu.version_d)

.gnu.version_r
 *(.gnu.version_r)

.rel.init
 *(.rel.init)

.rela.init
 *(.rela.init)

.rel.text
 *(.rel.text)
 *(.rel.text.*)
 *(.rel.gnu.linkonce.t*)

.rela.text
 *(.rela.text)
 *(.rela.text.*)
 *(.rela.gnu.linkonce.t*)

.rel.fini
 *(.rel.fini)

.rela.fini
 *(.rela.fini)

.rel.rodata
 *(.rel.rodata)
 *(.rel.rodata.*)
 *(.rel.gnu.linkonce.r*)

.rela.rodata
 *(.rela.rodata)
 *(.rela.rodata.*)
 *(.rela.gnu.linkonce.r*)

.rel.data
 *(.rel.data)
 *(.rel.data.*)
 *(.rel.gnu.linkonce.d*)

.rela.data
 *(.rela.data)
 *(.rela.data.*)
 *(.rela.gnu.linkonce.d*)

.rel.ctors
 *(.rel.ctors)

.rela.ctors
 *(.rela.ctors)

.rel.dtors
 *(.rel.dtors)

.rela.dtors
 *(.rela.dtors)

.rel.got
 *(.rel.got)

.rela.got
 *(.rela.got)

.rel.bss
 *(.rel.bss)

.rela.bss
 *(.rela.bss)

.rel.plt
 *(.rel.plt)

.rela.plt
 *(.rela.plt)

.text           0x0000000000000000      0x680
 *(.vectors)
 .vectors       0x0000000000000000       0x54 /home/yosra/Applications/avr8-gnu-toolchain-linux_x86_64/bin/../lib/gcc/avr/5.4.0/../../../../avr/lib/avr5/crtatmega16.o
                0x0000000000000000                __vectors
                0x0000000000000000                __vector_default
 *(.vectors)
 *(.progmem.gcc*)
 .progmem.gcc_sw_table.TIMER_Clock_Select
                0x0000000000000054       0x10 ./ECUAL/TImer.o
                0x0000000000000064                . = ALIGN (0x2)
                0x0000000000000064                __trampolines_start = .
 *(.trampolines)
 .trampolines   0x0000000000000064        0x0 linker stubs
 *(.trampolines*)
                0x0000000000000064                __trampolines_end = .
 *libprintf_flt.a:*(.progmem.data)
 *libc.a:*(.progmem.data)
 *(.progmem*)
                0x0000000000000064                . = ALIGN (0x2)
 *(.jumptables)
 *(.jumptables*)
 *(.lowtext)
 *(.lowtext*)
                0x0000000000000064                __ctors_start = .
 *(.ctors)
                0x0000000000000064                __ctors_end = .
                0x0000000000000064                __dtors_start = .
 *(.dtors)
                0x0000000000000064                __dtors_end = .
 SORT(*)(.ctors)
 SORT(*)(.dtors)
 *(.init0)
 .init0         0x0000000000000064        0x0 /home/yosra/Applications/avr8-gnu-toolchain-linux_x86_64/bin/../lib/gcc/avr/5.4.0/../../../../avr/lib/avr5/crtatmega16.o
                0x0000000000000064                __init
 *(.init0)
 *(.init1)
 *(.init1)
 *(.init2)
 .init2         0x0000000000000064        0xc /home/yosra/Applications/avr8-gnu-toolchain-linux_x86_64/bin/../lib/gcc/avr/5.4.0/../../../../avr/lib/avr5/crtatmega16.o
 *(.init2)
 *(.init3)
 *(.init3)
 *(.init4)
 .init4         0x0000000000000070       0x10 /home/yosra/Applications/avr8-gnu-toolchain-linux_x86_64/bin/../lib/gcc/avr/5.4.0/avr5/libgcc.a(_clear_bss.o)
                0x0000000000000070                __do_clear_bss
 *(.init4)
 *(.init5)
 *(.init5)
 *(.init6)
 *(.init6)
 *(.init7)
 *(.init7)
 *(.init8)
 *(.init8)
 *(.init9)
 .init9         0x0000000000000080        0x8 /home/yosra/Applications/avr8-gnu-toolchain-linux_x86_64/bin/../lib/gcc/avr/5.4.0/../../../../avr/lib/avr5/crtatmega16.o
 *(.init9)
 *(.text)
 .text          0x0000000000000088        0x4 /home/yosra/Applications/avr8-gnu-toolchain-linux_x86_64/bin/../lib/gcc/avr/5.4.0/../../../../avr/lib/avr5/crtatmega16.o
                0x0000000000000088                __vector_1
                0x0000000000000088                __vector_12
                0x0000000000000088                __bad_interrupt
                0x0000000000000088                __vector_6
                0x0000000000000088                __vector_3
                0x0000000000000088                __vector_11
                0x0000000000000088                __vector_13
                0x0000000000000088                __vector_17
                0x0000000000000088                __vector_19
                0x0000000000000088                __vector_7
                0x0000000000000088                __vector_5
                0x0000000000000088                __vector_4
                0x0000000000000088                __vector_9
                0x0000000000000088                __vector_15
                0x0000000000000088                __vector_8
                0x0000000000000088                __vector_14
                0x0000000000000088                __vector_16
                0x0000000000000088                __vector_18
                0x0000000000000088                __vector_20
 .text          0x000000000000008c        0x0 ./MCAL/GPOI.o
 .text          0x000000000000008c        0x0 ./ECUAL/BOTTON.o
 .text          0x000000000000008c        0x0 ./ECUAL/LED.o
 .text          0x000000000000008c        0x0 ./ECUAL/TImer.o
 .text          0x000000000000008c        0x0 ./App/app.o
 .text          0x000000000000008c        0x0 ./main.o
 .text          0x000000000000008c        0x0 /home/yosra/Applications/avr8-gnu-toolchain-linux_x86_64/bin/../lib/gcc/avr/5.4.0/avr5/libgcc.a(_exit.o)
 .text          0x000000000000008c        0x0 /home/yosra/Applications/avr8-gnu-toolchain-linux_x86_64/bin/../lib/gcc/avr/5.4.0/avr5/libgcc.a(_tablejump2.o)
 .text          0x000000000000008c        0x0 /home/yosra/Applications/avr8-gnu-toolchain-linux_x86_64/bin/../lib/gcc/avr/5.4.0/avr5/libgcc.a(_clear_bss.o)
                0x000000000000008c                . = ALIGN (0x2)
 *(.text.*)
 .text.GPIO_InitPin
                0x000000000000008c       0x9c ./MCAL/GPOI.o
                0x000000000000008c                GPIO_InitPin
 .text.GPIO_WritePin
                0x0000000000000128       0x9c ./MCAL/GPOI.o
                0x0000000000000128                GPIO_WritePin
 .text.GPIO_GetPin
                0x00000000000001c4       0x30 ./MCAL/GPOI.o
                0x00000000000001c4                GPIO_GetPin
 .text.SWITCH_Init
                0x00000000000001f4       0x2c ./ECUAL/BOTTON.o
                0x00000000000001f4                SWITCH_Init
 .text.SWITCH_STATE
                0x0000000000000220        0x4 ./ECUAL/BOTTON.o
                0x0000000000000220                SWITCH_STATE
 .text.LED_Init
                0x0000000000000224       0x5c ./ECUAL/LED.o
                0x0000000000000224                LED_Init
 .text.LED_ON   0x0000000000000280       0x5c ./ECUAL/LED.o
                0x0000000000000280                LED_ON
 .text.LED_OFF  0x00000000000002dc       0x5c ./ECUAL/LED.o
                0x00000000000002dc                LED_OFF
 .text.TIMER_Mode
                0x0000000000000338       0x36 ./ECUAL/TImer.o
                0x0000000000000338                TIMER_Mode
 .text.TIMER_Start_Value
                0x000000000000036e        0x4 ./ECUAL/TImer.o
                0x000000000000036e                TIMER_Start_Value
 .text.TIMER_Count_Reset
                0x0000000000000372        0x4 ./ECUAL/TImer.o
                0x0000000000000372                TIMER_Count_Reset
 .text.TIMER_OverFlow
                0x0000000000000376        0x8 ./ECUAL/TImer.o
                0x0000000000000376                TIMER_OverFlow
 .text.TIMER_Clear_OverFlow
                0x000000000000037e        0x8 ./ECUAL/TImer.o
                0x000000000000037e                TIMER_Clear_OverFlow
 .text.TIMER_Clock_Select
                0x0000000000000386       0x5a ./ECUAL/TImer.o
                0x0000000000000386                TIMER_Clock_Select
 .text.APP_Init
                0x00000000000003e0       0x70 ./App/app.o
                0x00000000000003e0                APP_Init
 .text.StateSetRed
                0x0000000000000450       0x3e ./App/app.o
                0x0000000000000450                StateSetRed
 .text.StateSetYlw
                0x000000000000048e       0x38 ./App/app.o
                0x000000000000048e                StateSetYlw
 .text.StateSetGrn
                0x00000000000004c6       0x38 ./App/app.o
                0x00000000000004c6                StateSetGrn
 .text.NEW_YEL  0x00000000000004fe       0x3c ./App/app.o
                0x00000000000004fe                NEW_YEL
 .text.APP_ON   0x000000000000053a       0xa0 ./App/app.o
                0x000000000000053a                APP_ON
 .text.__vector_2
                0x00000000000005da       0x26 ./main.o
                0x00000000000005da                __vector_2
 .text.__vector_10
                0x0000000000000600       0x62 ./main.o
                0x0000000000000600                __vector_10
 .text.startup.main
                0x0000000000000662        0xe ./main.o
                0x0000000000000662                main
 .text.libgcc.mul
                0x0000000000000670        0x0 /home/yosra/Applications/avr8-gnu-toolchain-linux_x86_64/bin/../lib/gcc/avr/5.4.0/avr5/libgcc.a(_exit.o)
 .text.libgcc.div
                0x0000000000000670        0x0 /home/yosra/Applications/avr8-gnu-toolchain-linux_x86_64/bin/../lib/gcc/avr/5.4.0/avr5/libgcc.a(_exit.o)
 .text.libgcc   0x0000000000000670        0x0 /home/yosra/Applications/avr8-gnu-toolchain-linux_x86_64/bin/../lib/gcc/avr/5.4.0/avr5/libgcc.a(_exit.o)
 .text.libgcc.prologue
                0x0000000000000670        0x0 /home/yosra/Applications/avr8-gnu-toolchain-linux_x86_64/bin/../lib/gcc/avr/5.4.0/avr5/libgcc.a(_exit.o)
 .text.libgcc.builtins
                0x0000000000000670        0x0 /home/yosra/Applications/avr8-gnu-toolchain-linux_x86_64/bin/../lib/gcc/avr/5.4.0/avr5/libgcc.a(_exit.o)
 .text.libgcc.fmul
                0x0000000000000670        0x0 /home/yosra/Applications/avr8-gnu-toolchain-linux_x86_64/bin/../lib/gcc/avr/5.4.0/avr5/libgcc.a(_exit.o)
 .text.libgcc.fixed
                0x0000000000000670        0x0 /home/yosra/Applications/avr8-gnu-toolchain-linux_x86_64/bin/../lib/gcc/avr/5.4.0/avr5/libgcc.a(_exit.o)
 .text.libgcc.mul
                0x0000000000000670        0x0 /home/yosra/Applications/avr8-gnu-toolchain-linux_x86_64/bin/../lib/gcc/avr/5.4.0/avr5/libgcc.a(_tablejump2.o)
 .text.libgcc.div
                0x0000000000000670        0x0 /home/yosra/Applications/avr8-gnu-toolchain-linux_x86_64/bin/../lib/gcc/avr/5.4.0/avr5/libgcc.a(_tablejump2.o)
 .text.libgcc   0x0000000000000670        0xc /home/yosra/Applications/avr8-gnu-toolchain-linux_x86_64/bin/../lib/gcc/avr/5.4.0/avr5/libgcc.a(_tablejump2.o)
                0x0000000000000670                __tablejump2__
 .text.libgcc.prologue
                0x000000000000067c        0x0 /home/yosra/Applications/avr8-gnu-toolchain-linux_x86_64/bin/../lib/gcc/avr/5.4.0/avr5/libgcc.a(_tablejump2.o)
 .text.libgcc.builtins
                0x000000000000067c        0x0 /home/yosra/Applications/avr8-gnu-toolchain-linux_x86_64/bin/../lib/gcc/avr/5.4.0/avr5/libgcc.a(_tablejump2.o)
 .text.libgcc.fmul
                0x000000000000067c        0x0 /home/yosra/Applications/avr8-gnu-toolchain-linux_x86_64/bin/../lib/gcc/avr/5.4.0/avr5/libgcc.a(_tablejump2.o)
 .text.libgcc.fixed
                0x000000000000067c        0x0 /home/yosra/Applications/avr8-gnu-toolchain-linux_x86_64/bin/../lib/gcc/avr/5.4.0/avr5/libgcc.a(_tablejump2.o)
 .text.libgcc.mul
                0x000000000000067c        0x0 /home/yosra/Applications/avr8-gnu-toolchain-linux_x86_64/bin/../lib/gcc/avr/5.4.0/avr5/libgcc.a(_clear_bss.o)
 .text.libgcc.div
                0x000000000000067c        0x0 /home/yosra/Applications/avr8-gnu-toolchain-linux_x86_64/bin/../lib/gcc/avr/5.4.0/avr5/libgcc.a(_clear_bss.o)
 .text.libgcc   0x000000000000067c        0x0 /home/yosra/Applications/avr8-gnu-toolchain-linux_x86_64/bin/../lib/gcc/avr/5.4.0/avr5/libgcc.a(_clear_bss.o)
 .text.libgcc.prologue
                0x000000000000067c        0x0 /home/yosra/Applications/avr8-gnu-toolchain-linux_x86_64/bin/../lib/gcc/avr/5.4.0/avr5/libgcc.a(_clear_bss.o)
 .text.libgcc.builtins
                0x000000000000067c        0x0 /home/yosra/Applications/avr8-gnu-toolchain-linux_x86_64/bin/../lib/gcc/avr/5.4.0/avr5/libgcc.a(_clear_bss.o)
 .text.libgcc.fmul
                0x000000000000067c        0x0 /home/yosra/Applications/avr8-gnu-toolchain-linux_x86_64/bin/../lib/gcc/avr/5.4.0/avr5/libgcc.a(_clear_bss.o)
 .text.libgcc.fixed
                0x000000000000067c        0x0 /home/yosra/Applications/avr8-gnu-toolchain-linux_x86_64/bin/../lib/gcc/avr/5.4.0/avr5/libgcc.a(_clear_bss.o)
                0x000000000000067c                . = ALIGN (0x2)
 *(.fini9)
 .fini9         0x000000000000067c        0x0 /home/yosra/Applications/avr8-gnu-toolchain-linux_x86_64/bin/../lib/gcc/avr/5.4.0/avr5/libgcc.a(_exit.o)
                0x000000000000067c                exit
                0x000000000000067c                _exit
 *(.fini9)
 *(.fini8)
 *(.fini8)
 *(.fini7)
 *(.fini7)
 *(.fini6)
 *(.fini6)
 *(.fini5)
 *(.fini5)
 *(.fini4)
 *(.fini4)
 *(.fini3)
 *(.fini3)
 *(.fini2)
 *(.fini2)
 *(.fini1)
 *(.fini1)
 *(.fini0)
 .fini0         0x000000000000067c        0x4 /home/yosra/Applications/avr8-gnu-toolchain-linux_x86_64/bin/../lib/gcc/avr/5.4.0/avr5/libgcc.a(_exit.o)
 *(.fini0)
                0x0000000000000680                _etext = .

.data           0x0000000000800060        0x0 load address 0x0000000000000680
                [!provide]                        PROVIDE (__data_start, .)
 *(.data)
 .data          0x0000000000800060        0x0 /home/yosra/Applications/avr8-gnu-toolchain-linux_x86_64/bin/../lib/gcc/avr/5.4.0/../../../../avr/lib/avr5/crtatmega16.o
 .data          0x0000000000800060        0x0 ./MCAL/GPOI.o
 .data          0x0000000000800060        0x0 ./ECUAL/BOTTON.o
 .data          0x0000000000800060        0x0 ./ECUAL/LED.o
 .data          0x0000000000800060        0x0 ./ECUAL/TImer.o
 .data          0x0000000000800060        0x0 ./App/app.o
 .data          0x0000000000800060        0x0 ./main.o
 .data          0x0000000000800060        0x0 /home/yosra/Applications/avr8-gnu-toolchain-linux_x86_64/bin/../lib/gcc/avr/5.4.0/avr5/libgcc.a(_exit.o)
 .data          0x0000000000800060        0x0 /home/yosra/Applications/avr8-gnu-toolchain-linux_x86_64/bin/../lib/gcc/avr/5.4.0/avr5/libgcc.a(_tablejump2.o)
 .data          0x0000000000800060        0x0 /home/yosra/Applications/avr8-gnu-toolchain-linux_x86_64/bin/../lib/gcc/avr/5.4.0/avr5/libgcc.a(_clear_bss.o)
 *(.data*)
 *(.gnu.linkonce.d*)
 *(.rodata)
 *(.rodata*)
 *(.gnu.linkonce.r*)
                0x0000000000800060                . = ALIGN (0x2)
                0x0000000000800060                _edata = .
                [!provide]                        PROVIDE (__data_end, .)

.bss            0x0000000000800060        0x7
                0x0000000000800060                PROVIDE (__bss_start, .)
 *(.bss)
 .bss           0x0000000000800060        0x0 /home/yosra/Applications/avr8-gnu-toolchain-linux_x86_64/bin/../lib/gcc/avr/5.4.0/../../../../avr/lib/avr5/crtatmega16.o
 .bss           0x0000000000800060        0x0 ./MCAL/GPOI.o
 .bss           0x0000000000800060        0x0 ./ECUAL/BOTTON.o
 .bss           0x0000000000800060        0x0 ./ECUAL/LED.o
 .bss           0x0000000000800060        0x0 ./ECUAL/TImer.o
 .bss           0x0000000000800060        0x0 ./App/app.o
 .bss           0x0000000000800060        0x0 ./main.o
 .bss           0x0000000000800060        0x0 /home/yosra/Applications/avr8-gnu-toolchain-linux_x86_64/bin/../lib/gcc/avr/5.4.0/avr5/libgcc.a(_exit.o)
 .bss           0x0000000000800060        0x0 /home/yosra/Applications/avr8-gnu-toolchain-linux_x86_64/bin/../lib/gcc/avr/5.4.0/avr5/libgcc.a(_tablejump2.o)
 .bss           0x0000000000800060        0x0 /home/yosra/Applications/avr8-gnu-toolchain-linux_x86_64/bin/../lib/gcc/avr/5.4.0/avr5/libgcc.a(_clear_bss.o)
 *(.bss*)
 *(COMMON)
 COMMON         0x0000000000800060        0x2 ./App/app.o
                0x0000000000800060                NOT_GREEN
                0x0000000000800061                State
 COMMON         0x0000000000800062        0x5 ./main.o
                0x0000000000800062                tState
                0x0000000000800066                KeyPressed
                0x0000000000800067                PROVIDE (__bss_end, .)
                0x0000000000000680                __data_load_start = LOADADDR (.data)
                0x0000000000000680                __data_load_end = (__data_load_start + SIZEOF (.data))

.noinit         0x0000000000800067        0x0
                [!provide]                        PROVIDE (__noinit_start, .)
 *(.noinit*)
                [!provide]                        PROVIDE (__noinit_end, .)
                0x0000000000800067                _end = .
                [!provide]                        PROVIDE (__heap_start, .)

.eeprom         0x0000000000810000        0x0
 *(.eeprom*)
                0x0000000000810000                __eeprom_end = .

.fuse
 *(.fuse)
 *(.lfuse)
 *(.hfuse)
 *(.efuse)

.lock
 *(.lock*)

.signature
 *(.signature*)

.user_signatures
 *(.user_signatures*)

.stab
 *(.stab)

.stabstr
 *(.stabstr)

.stab.excl
 *(.stab.excl)

.stab.exclstr
 *(.stab.exclstr)

.stab.index
 *(.stab.index)

.stab.indexstr
 *(.stab.indexstr)

.comment        0x0000000000000000       0x30
 *(.comment)
 .comment       0x0000000000000000       0x30 ./MCAL/GPOI.o
                                         0x31 (size before relaxing)
 .comment       0x0000000000000030       0x31 ./ECUAL/BOTTON.o
 .comment       0x0000000000000030       0x31 ./ECUAL/LED.o
 .comment       0x0000000000000030       0x31 ./ECUAL/TImer.o
 .comment       0x0000000000000030       0x31 ./App/app.o
 .comment       0x0000000000000030       0x31 ./main.o

.note.gnu.avr.deviceinfo
                0x0000000000000000       0x3c
 .note.gnu.avr.deviceinfo
                0x0000000000000000       0x3c /home/yosra/Applications/avr8-gnu-toolchain-linux_x86_64/bin/../lib/gcc/avr/5.4.0/../../../../avr/lib/avr5/crtatmega16.o

.note.gnu.build-id
 *(.note.gnu.build-id)

.debug
 *(.debug)

.line
 *(.line)

.debug_srcinfo
 *(.debug_srcinfo)

.debug_sfnames
 *(.debug_sfnames)

.debug_aranges
 *(.debug_aranges)

.debug_pubnames
 *(.debug_pubnames)

.debug_info     0x0000000000000000      0x52e
 *(.debug_info .gnu.linkonce.wi.*)
 .debug_info    0x0000000000000000      0x52e /home/yosra/Applications/avr8-gnu-toolchain-linux_x86_64/bin/../lib/gcc/avr/5.4.0/../../../../avr/lib/avr5/crtatmega16.o

.debug_abbrev   0x0000000000000000      0x4e7
 *(.debug_abbrev)
 .debug_abbrev  0x0000000000000000      0x4e7 /home/yosra/Applications/avr8-gnu-toolchain-linux_x86_64/bin/../lib/gcc/avr/5.4.0/../../../../avr/lib/avr5/crtatmega16.o

.debug_line     0x0000000000000000       0x1a
 *(.debug_line .debug_line.* .debug_line_end)
 .debug_line    0x0000000000000000       0x1a /home/yosra/Applications/avr8-gnu-toolchain-linux_x86_64/bin/../lib/gcc/avr/5.4.0/../../../../avr/lib/avr5/crtatmega16.o

.debug_frame
 *(.debug_frame)

.debug_str      0x0000000000000000      0x1af
 *(.debug_str)
 .debug_str     0x0000000000000000      0x1af /home/yosra/Applications/avr8-gnu-toolchain-linux_x86_64/bin/../lib/gcc/avr/5.4.0/../../../../avr/lib/avr5/crtatmega16.o

.debug_loc
 *(.debug_loc)

.debug_macinfo
 *(.debug_macinfo)

.debug_weaknames
 *(.debug_weaknames)

.debug_funcnames
 *(.debug_funcnames)

.debug_typenames
 *(.debug_typenames)

.debug_varnames
 *(.debug_varnames)

.debug_pubtypes
 *(.debug_pubtypes)

.debug_ranges
 *(.debug_ranges)

.debug_macro
 *(.debug_macro)
OUTPUT(Traffic-light-control.elf elf32-avr)
LOAD linker stubs
